08 July 2010

Aperture Value: 5
Body Serial Number: 072073024377
Color Space: sRGB
Components Configuration: 1, 2, 3, 0
Custom Rendered: Normal process
Date Time Digitized: Jul 8, 2019, 11:33:04 PM
Date Time Original: Jul 8, 2019, 11:33:04 PM
Exif Version: 2.3
Exposure Bias Value: 0
Exposure Mode: Manual exposure
Exposure Program: Manual
Exposure Time: 1/4
Flash: Off, did not fire
FlashPix Version: 1.0
FNumber: 5.6
Focal Length: 300 mm
Focal Plane Resolution Unit: inches
Focal Plane X Resolution: 5,728.176
Focal Plane Y Resolution: 5,808.404
Photographic Sensitivity (ISO): 6,400
Lens Model: EF75-300mm f/4-5.6
Lens Serial Number: 0000000000
Lens Specification: 75, 300, 0, 0
Max Aperture Value: 5.657
Metering Mode: Pattern
Pixel X Dimension: 5,184
Pixel Y Dimension: 3,456
RecommendedExposureIndex: 6,400
Scene Capture Type: Standard
SensitivityType: Recommended exposure index (REI)
Shutter Speed Value: 1/4
Sub-second Time: 89
Sub-second Time Digitized: 89
Sub-second Time Original: 89
White Balance: Manual white balance

11 July 2019

Aperture Value: 5
Body Serial Number: 072073024377
Color Space: sRGB
Components Configuration: 1, 2, 3, 0
Custom Rendered: Normal process
Date Time Digitized: Jul 11, 2019, 12:51:31 AM
Date Time Original: Jul 11, 2019, 12:51:31 AM
Exif Version: 2.3
Exposure Bias Value: 0
Exposure Mode: Manual exposure
Exposure Program: Manual
Exposure Time: 1/4
Flash: Off, did not fire
FlashPix Version: 1.0
FNumber: 5.6
Focal Length: 270 mm
Focal Plane Resolution Unit: inches
Focal Plane X Resolution: 5,728.176
Focal Plane Y Resolution: 5,808.404
Photographic Sensitivity (ISO): 6,400
Lens Model: EF75-300mm f/4-5.6
Lens Serial Number: 0000000000
Lens Specification: 75, 300, 0, 0
Max Aperture Value: 5.657
Metering Mode: Pattern
Pixel X Dimension: 5,184
Pixel Y Dimension: 3,456
RecommendedExposureIndex: 6,400
Scene Capture Type: Standard
SensitivityType: Recommended exposure index (REI)
Shutter Speed Value: 1/4
Sub-second Time: 37
Sub-second Time Digitized: 37
Sub-second Time Original: 37
White Balance: Manual white balance

11 July 2019

Aperture Value: 5
Body Serial Number: 072073024377
Color Space: sRGB
Components Configuration: 1, 2, 3, 0
Custom Rendered: Normal process
Date Time Digitized: Jul 11, 2019, 11:13:38 PM
Date Time Original: Jul 11, 2019, 11:13:38 PM
Exif Version: 2.3
Exposure Bias Value: 0
Exposure Mode: Manual exposure
Exposure Program: Manual
Exposure Time: 1/4
Flash: Off, did not fire
FlashPix Version: 1.0
FNumber: 5.6
Focal Length: 270 mm
Focal Plane Resolution Unit: inches
Focal Plane X Resolution: 5,728.176
Focal Plane Y Resolution: 5,808.404
Photographic Sensitivity (ISO): 6,400
Lens Model: EF75-300mm f/4-5.6
Lens Serial Number: 0000000000
Lens Specification: 75, 300, 0, 0
Max Aperture Value: 5.657
Metering Mode: Pattern
Pixel X Dimension: 5,184
Pixel Y Dimension: 3,456
RecommendedExposureIndex: 6,400
Scene Capture Type: Standard
SensitivityType: Recommended exposure index (REI)
Shutter Speed Value: 1/4
Sub-second Time: 00
Sub-second Time Digitized: 00
Sub-second Time Original: 00
White Balance: Manual white balance

12 July 2019

Aperture Value: 5
Body Serial Number: 072073024377
Color Space: sRGB
Components Configuration: 1, 2, 3, 0
Custom Rendered: Normal process
Date Time Digitized: Jul 12, 2019, 11:33:22 PM
Date Time Original: Jul 12, 2019, 11:33:22 PM
Exif Version: 2.3
Exposure Bias Value: 0
Exposure Mode: Manual exposure
Exposure Program: Manual
Exposure Time: 1/4
Flash: Off, did not fire
FlashPix Version: 1.0
FNumber: 5.6
Focal Length: 300 mm
Focal Plane Resolution Unit: inches
Focal Plane X Resolution: 5,728.176
Focal Plane Y Resolution: 5,808.404
Photographic Sensitivity (ISO): 6,400
Lens Model: EF75-300mm f/4-5.6
Lens Serial Number: 0000000000
Lens Specification: 75, 300, 0, 0
Max Aperture Value: 5.657
Metering Mode: Pattern
Pixel X Dimension: 5,184
Pixel Y Dimension: 3,456
RecommendedExposureIndex: 6,400
Scene Capture Type: Standard
SensitivityType: Recommended exposure index (REI)
Shutter Speed Value: 1/4
Sub-second Time: 79
Sub-second Time Digitized: 79
Sub-second Time Original: 79
White Balance: Manual white balance

13 Jul 2019

Aperture Value: 5
Body Serial Number: 072073024377
Color Space: sRGB
Components Configuration: 1, 2, 3, 0
Custom Rendered: Normal process
Date Time Digitized: Jul 13, 2019, 9:57:27 PM
Date Time Original: Jul 13, 2019, 9:57:27 PM
Exif Version: 2.3
Exposure Bias Value: 0
Exposure Mode: Manual exposure
Exposure Program: Manual
Exposure Time: 1/10
Flash: Off, did not fire
FlashPix Version: 1.0
FNumber: 5.6
Focal Length: 300 mm
Focal Plane Resolution Unit: inches
Focal Plane X Resolution: 5,728.176
Focal Plane Y Resolution: 5,808.404
Photographic Sensitivity (ISO): 6,400
Lens Model: EF75-300mm f/4-5.6
Lens Serial Number: 0000000000
Lens Specification: 75, 300, 0, 0
Max Aperture Value: 5.657
Metering Mode: Pattern
Pixel X Dimension: 5,184
Pixel Y Dimension: 3,456
RecommendedExposureIndex: 6,400
Scene Capture Type: Standard
SensitivityType: Recommended exposure index (REI)
Shutter Speed Value: 1/10
Sub-second Time: 34
Sub-second Time Digitized: 34
Sub-second Time Original: 34
White Balance: Manual white balance

14 Jul 2019

Aperture Value: 5
Body Serial Number: 072073024377
Color Space: sRGB
Components Configuration: 1, 2, 3, 0
Custom Rendered: Normal process
Date Time Digitized: Jul 14, 2019, 11:07:14 PM
Date Time Original: Jul 14, 2019, 11:07:14 PM
Exif Version: 2.3
Exposure Bias Value: 0
Exposure Mode: Manual exposure
Exposure Program: Manual
Exposure Time: 1/8
Flash: Off, did not fire
FlashPix Version: 1.0
FNumber: 5.6
Focal Length: 300 mm
Focal Plane Resolution Unit: inches
Focal Plane X Resolution: 5,728.176
Focal Plane Y Resolution: 5,808.404
Photographic Sensitivity (ISO): 6,400
Lens Model: EF75-300mm f/4-5.6
Lens Serial Number: 0000000000
Lens Specification: 75, 300, 0, 0
Max Aperture Value: 5.657
Metering Mode: Pattern
Pixel X Dimension: 5,184
Pixel Y Dimension: 3,456
RecommendedExposureIndex: 6,400
Scene Capture Type: Standard
SensitivityType: Recommended exposure index (REI)
Shutter Speed Value: 1/8
Sub-second Time: 48
Sub-second Time Digitized: 48
Sub-second Time Original: 48
White Balance: Manual white balance

15 Jul 2019

Aperture Value: 5
Body Serial Number: 072073024377
Color Space: sRGB
Components Configuration: 1, 2, 3, 0
Custom Rendered: Normal process
Date Time Digitized: Jul 15, 2019, 10:58:45 PM
Date Time Original: Jul 15, 2019, 10:58:45 PM
Exif Version: 2.3
Exposure Bias Value: 0
Exposure Mode: Manual exposure
Exposure Program: Manual
Exposure Time: 1/10
Flash: Off, did not fire
FlashPix Version: 1.0
FNumber: 5.6
Focal Length: 300 mm
Focal Plane Resolution Unit: inches
Focal Plane X Resolution: 5,728.176
Focal Plane Y Resolution: 5,808.404
Photographic Sensitivity (ISO): 6,400
Lens Model: EF75-300mm f/4-5.6
Lens Serial Number: 0000000000
Lens Specification: 75, 300, 0, 0
Max Aperture Value: 5.657
Metering Mode: Pattern
Pixel X Dimension: 5,184
Pixel Y Dimension: 3,456
RecommendedExposureIndex: 6,400
Scene Capture Type: Standard
SensitivityType: Recommended exposure index (REI)
Shutter Speed Value: 1/10
Sub-second Time: 85
Sub-second Time Digitized: 85
Sub-second Time Original: 85
White Balance: Manual white balance

17 Jul 2019

Aperture Value: 5
Body Serial Number: 072073024377
Color Space: sRGB
Components Configuration: 1, 2, 3, 0
Custom Rendered: Normal process
Date Time Digitized: Jul 17, 2019, 11:08:02 PM
Date Time Original: Jul 17, 2019, 11:08:02 PM
Exif Version: 2.3
Exposure Bias Value: 0
Exposure Mode: Manual exposure
Exposure Program: Manual
Exposure Time: 1/10
Flash: Off, did not fire
FlashPix Version: 1.0
FNumber: 5.6
Focal Length: 300 mm
Focal Plane Resolution Unit: inches
Focal Plane X Resolution: 5,728.177
Focal Plane Y Resolution: 5,808.403
Photographic Sensitivity (ISO): 6,400
Lens Model: EF75-300mm f/4-5.6
Lens Serial Number: 0000000000
Lens Specification: 75, 300, 0, 0
Max Aperture Value: 5.657
Metering Mode: Pattern
Pixel X Dimension: 5,184
Pixel Y Dimension: 3,456
RecommendedExposureIndex: 6,400
Scene Capture Type: Standard
SensitivityType: Recommended exposure index (REI)
Shutter Speed Value: 1/10
Sub-second Time: 70
Sub-second Time Digitized: 70
Sub-second Time Original: 70
White Balance: Manual white balance
AFInfo: 0.483, 0.698, 0.035, 0.034, n, 0.326, 0.589, 0.025, 0.05, n, 0.649, 0.589, 0.025, 0.05, n, 0.219, 0.475, 0.025, 0.05, n, 0.479, 0.468, 0.043, 0.065, s, 0.756, 0.475, 0.025, 0.05, n, 0.326, 0.361, 0.025, 0.05, n, 0.649, 0.361, 0.025, 0.05, n, 0.483, 0.268, 0.035, 0.034, n
Firmware: Firmware Version 1.0.0
Flash Compensation: 0
Focus Mode: One-shot AF
Image Stabilization: Panning
Lens ID: 39
Lens Info: 75, 300, 0, 0, 75, 300, 0, 0
Lens Model: Canon EF 75-300mm f/4-5.6

19 Jul 2019

Aperture Value: 5
Body Serial Number: 072073024377
Color Space: sRGB
Components Configuration: 1, 2, 3, 0
Custom Rendered: Normal process
Date Time Digitized: Jul 19, 2019, 11:25:15 PM
Date Time Original: Jul 19, 2019, 11:25:15 PM
Exif Version: 2.3
Exposure Bias Value: 0
Exposure Mode: Manual exposure
Exposure Program: Manual
Exposure Time: 1/10
Flash: Off, did not fire
FlashPix Version: 1.0
FNumber: 5.6
Focal Length: 300 mm
Focal Plane Resolution Unit: inches
Focal Plane X Resolution: 5,728.177
Focal Plane Y Resolution: 5,808.403
Photographic Sensitivity (ISO): 6,400
Lens Model: EF75-300mm f/4-5.6
Lens Serial Number: 0000000000
Lens Specification: 75, 300, 0, 0
Max Aperture Value: 5.657
Metering Mode: Pattern
Pixel X Dimension: 5,184
Pixel Y Dimension: 3,456
RecommendedExposureIndex: 6,400
Scene Capture Type: Standard
SensitivityType: Recommended exposure index (REI)
Shutter Speed Value: 1/10
Sub-second Time: 57
Sub-second Time Digitized: 57
Sub-second Time Original: 57
White Balance: Manual white balance
AFInfo: 0.483, 0.698, 0.035, 0.034, n, 0.326, 0.589, 0.025, 0.05, n, 0.649, 0.589, 0.025, 0.05, n, 0.219, 0.475, 0.025, 0.05, n, 0.479, 0.468, 0.043, 0.065, s, 0.756, 0.475, 0.025, 0.05, n, 0.326, 0.361, 0.025, 0.05, n, 0.649, 0.361, 0.025, 0.05, n, 0.483, 0.268, 0.035, 0.034, n
Firmware: Firmware Version 1.0.0
Flash Compensation: 0
Focus Mode: One-shot AF
Image Stabilization: Panning
Lens ID: 39
Lens Info: 75, 300, 0, 0, 75, 300, 0, 0
Lens Model: Canon EF 75-300mm f/4-5.6

20 Jul 2019

Aperture Value: 5
Body Serial Number: 072073024377
Color Space: sRGB
Components Configuration: 1, 2, 3, 0
Custom Rendered: Normal process
Date Time Digitized: Jul 20, 2019, 10:27:52 PM
Date Time Original: Jul 20, 2019, 10:27:52 PM
Exif Version: 2.3
Exposure Bias Value: 0
Exposure Mode: Manual exposure
Exposure Program: Manual
Exposure Time: 1/10
Flash: Off, did not fire
FlashPix Version: 1.0
FNumber: 5.6
Focal Length: 300 mm
Focal Plane Resolution Unit: inches
Focal Plane X Resolution: 5,728.177
Focal Plane Y Resolution: 5,808.403
Photographic Sensitivity (ISO): 6,400
Lens Model: EF75-300mm f/4-5.6
Lens Serial Number: 0000000000
Lens Specification: 75, 300, 0, 0
Max Aperture Value: 5.657
Metering Mode: Pattern
Pixel X Dimension: 5,184
Pixel Y Dimension: 3,456
RecommendedExposureIndex: 6,400
Scene Capture Type: Standard
SensitivityType: Recommended exposure index (REI)
Shutter Speed Value: 1/10
Sub-second Time: 63
Sub-second Time Digitized: 63
Sub-second Time Original: 63
White Balance: Manual white balance
AFInfo: 0.483, 0.698, 0.035, 0.034, n, 0.326, 0.589, 0.025, 0.05, n, 0.649, 0.589, 0.025, 0.05, n, 0.219, 0.475, 0.025, 0.05, n, 0.479, 0.468, 0.043, 0.065, s, 0.756, 0.475, 0.025, 0.05, n, 0.326, 0.361, 0.025, 0.05, n, 0.649, 0.361, 0.025, 0.05, n, 0.483, 0.268, 0.035, 0.034, n
Firmware: Firmware Version 1.0.0
Flash Compensation: 0
Focus Mode: One-shot AF
Image Stabilization: Panning
Lens ID: 39
Lens Info: 75, 300, 0, 0, 75, 300, 0, 0
Lens Model: Canon EF 75-300mm f/4-5.6


21 Jul 2019

Aperture Value: 5
Body Serial Number: 072073024377
Color Space: sRGB
Components Configuration: 1, 2, 3, 0
Custom Rendered: Normal process
Date Time Digitized: Jul 21, 2019, 10:43:12 PM
Date Time Original: Jul 21, 2019, 10:43:12 PM
Exif Version: 2.3
Exposure Bias Value: 0
Exposure Mode: Manual exposure
Exposure Program: Manual
Exposure Time: 1/10
Flash: Off, did not fire
FlashPix Version: 1.0
FNumber: 5.6
Focal Length: 300 mm
Focal Plane Resolution Unit: inches
Focal Plane X Resolution: 5,728.177
Focal Plane Y Resolution: 5,808.403
Photographic Sensitivity (ISO): 6,400
Lens Model: EF75-300mm f/4-5.6
Lens Serial Number: 0000000000
Lens Specification: 75, 300, 0, 0
Max Aperture Value: 5.657
Metering Mode: Pattern
Pixel X Dimension: 5,184
Pixel Y Dimension: 3,456
RecommendedExposureIndex: 6,400
Scene Capture Type: Standard
SensitivityType: Recommended exposure index (REI)
Shutter Speed Value: 1/10
Sub-second Time: 19
Sub-second Time Digitized: 19
Sub-second Time Original: 19
White Balance: Manual white balance
AFInfo: 0.483, 0.698, 0.035, 0.034, n, 0.326, 0.589, 0.025, 0.05, n, 0.649, 0.589, 0.025, 0.05, n, 0.219, 0.475, 0.025, 0.05, n, 0.479, 0.468, 0.043, 0.065, s, 0.756, 0.475, 0.025, 0.05, n, 0.326, 0.361, 0.025, 0.05, n, 0.649, 0.361, 0.025, 0.05, n, 0.483, 0.268, 0.035, 0.034, n
Firmware: Firmware Version 1.0.0
Flash Compensation: 0
Focus Mode: One-shot AF
Image Stabilization: Panning
Lens ID: 39
Lens Info: 75, 300, 0, 0, 75, 300, 0, 0
Lens Model: Canon EF 75-300mm f/4-5.6


22 Jul 2019

Aperture Value: 5
Body Serial Number: 072073024377
Color Space: sRGB
Components Configuration: 1, 2, 3, 0
Custom Rendered: Normal process
Date Time Digitized: Jul 22, 2019, 10:48:35 PM
Date Time Original: Jul 22, 2019, 10:48:35 PM
Exif Version: 2.3
Exposure Bias Value: 0
Exposure Mode: Manual exposure
Exposure Program: Manual
Exposure Time: 1/10
Flash: Off, did not fire
FlashPix Version: 1.0
FNumber: 5.6
Focal Length: 300 mm
Focal Plane Resolution Unit: inches
Focal Plane X Resolution: 5,728.176
Focal Plane Y Resolution: 5,808.404
Photographic Sensitivity (ISO): 6,400
Lens Model: EF75-300mm f/4-5.6
Lens Serial Number: 0000000000
Lens Specification: 75, 300, 0, 0
Max Aperture Value: 5.657
Metering Mode: Pattern
Pixel X Dimension: 5,184
Pixel Y Dimension: 3,456
RecommendedExposureIndex: 6,400
Scene Capture Type: Standard
SensitivityType: Recommended exposure index (REI)
Shutter Speed Value: 1/10
Sub-second Time: 18
Sub-second Time Digitized: 18
Sub-second Time Original: 18
White Balance: Manual white balance

24 Jul 2019

Aperture Value: 5
Body Serial Number: 072073024377
Color Space: sRGB
Components Configuration: 1, 2, 3, 0
Custom Rendered: Normal process
Date Time Digitized: Jul 24, 2019, 10:50:06 PM
Date Time Original: Jul 24, 2019, 10:50:06 PM
Exif Version: 2.3
Exposure Bias Value: 0
Exposure Mode: Manual exposure
Exposure Program: Manual
Exposure Time: 1/10
Flash: Off, did not fire
FlashPix Version: 1.0
FNumber: 5.6
Focal Length: 300 mm
Focal Plane Resolution Unit: inches
Focal Plane X Resolution: 5,728.176
Focal Plane Y Resolution: 5,808.404
Photographic Sensitivity (ISO): 6,400
Lens Model: EF75-300mm f/4-5.6
Lens Serial Number: 0000000000
Lens Specification: 75, 300, 0, 0
Max Aperture Value: 5.657
Metering Mode: Pattern
Pixel X Dimension: 5,184
Pixel Y Dimension: 3,456
RecommendedExposureIndex: 6,400
Scene Capture Type: Standard
SensitivityType: Recommended exposure index (REI)
Shutter Speed Value: 1/10
Sub-second Time: 67
Sub-second Time Digitized: 67
Sub-second Time Original: 67
White Balance: Manual white balance

25 Jul 2019

Aperture Value: 5
Body Serial Number: 072073024377
Color Space: sRGB
Components Configuration: 1, 2, 3, 0
Custom Rendered: Normal process
Date Time Digitized: Jul 25, 2019, 10:51:34 PM
Date Time Original: Jul 25, 2019, 10:51:34 PM
Exif Version: 2.3
Exposure Bias Value: 0
Exposure Mode: Manual exposure
Exposure Program: Manual
Exposure Time: 1/10
Flash: Off, did not fire
FlashPix Version: 1.0
FNumber: 5.6
Focal Length: 300 mm
Focal Plane Resolution Unit: inches
Focal Plane X Resolution: 5,728.176
Focal Plane Y Resolution: 5,808.404
Photographic Sensitivity (ISO): 6,400
Lens Model: EF75-300mm f/4-5.6
Lens Serial Number: 0000000000
Lens Specification: 75, 300, 0, 0
Max Aperture Value: 5.657
Metering Mode: Pattern
Pixel X Dimension: 5,184
Pixel Y Dimension: 3,456
RecommendedExposureIndex: 6,400
Scene Capture Type: Standard
SensitivityType: Recommended exposure index (REI)
Shutter Speed Value: 1/10
Sub-second Time: 13
Sub-second Time Digitized: 13
Sub-second Time Original: 13
White Balance: Manual white balance
Firmware: Firmware Version 1.0.0
Flash Compensation: 0
Lens ID: 39
Lens Model: Canon EF 75-300mm f/4-5.6

27-Jul-2019

Aperture Value: 5
Body Serial Number: 072073024377
Color Space: sRGB
Components Configuration: 1, 2, 3, 0
Custom Rendered: Normal process
Date Time Digitized: Jul 27, 2019, 11:04:03 PM
Date Time Original: Jul 27, 2019, 11:04:03 PM
Exif Version: 2.3
Exposure Bias Value: 0
Exposure Mode: Manual exposure
Exposure Program: Manual
Exposure Time: 1/10
Flash: Off, did not fire
FlashPix Version: 1.0
FNumber: 5.6
Focal Length: 300 mm
Focal Plane Resolution Unit: inches
Focal Plane X Resolution: 5,728.177
Focal Plane Y Resolution: 5,808.403
Photographic Sensitivity (ISO): 6,400
Lens Model: EF75-300mm f/4-5.6
Lens Serial Number: 0000000000
Lens Specification: 75, 300, 0, 0
Max Aperture Value: 5.657
Metering Mode: Pattern
Pixel X Dimension: 5,184
Pixel Y Dimension: 3,456
RecommendedExposureIndex: 6,400
Scene Capture Type: Standard
SensitivityType: Recommended exposure index (REI)
Shutter Speed Value: 1/10
Sub-second Time: 04
Sub-second Time Digitized: 04
Sub-second Time Original: 04
White Balance: Manual white balance
AFInfo: 0.483, 0.698, 0.035, 0.034, n, 0.326, 0.589, 0.025, 0.05, n, 0.649, 0.589, 0.025, 0.05, n, 0.219, 0.475, 0.025, 0.05, n, 0.479, 0.468, 0.043, 0.065, s, 0.756, 0.475, 0.025, 0.05, n, 0.326, 0.361, 0.025, 0.05, n, 0.649, 0.361, 0.025, 0.05, n, 0.483, 0.268, 0.035, 0.034, n
Firmware: Firmware Version 1.0.0
Flash Compensation: 0
Focus Mode: One-shot AF
Image Stabilization: Panning
Lens ID: 39
Lens Info: 75, 300, 0, 0, 75, 300, 0, 0
Lens Model: Canon EF 75-300mm f/4-5.6

28-Jul-2019

Aperture Value: 5
Body Serial Number: 072073024377
Color Space: sRGB
Components Configuration: 1, 2, 3, 0
Custom Rendered: Normal process
Date Time Digitized: Jul 28, 2019, 10:49:52 PM
Date Time Original: Jul 28, 2019, 10:49:52 PM
Exif Version: 2.3
Exposure Bias Value: 0
Exposure Mode: Manual exposure
Exposure Program: Manual
Exposure Time: 1/10
Flash: Off, did not fire
FlashPix Version: 1.0
FNumber: 5.6
Focal Length: 300 mm
Focal Plane Resolution Unit: inches
Focal Plane X Resolution: 5,728.177
Focal Plane Y Resolution: 5,808.403
Photographic Sensitivity (ISO): 6,400
Lens Model: EF75-300mm f/4-5.6
Lens Serial Number: 0000000000
Lens Specification: 75, 300, 0, 0
Max Aperture Value: 5.657
Metering Mode: Pattern
Pixel X Dimension: 5,184
Pixel Y Dimension: 3,456
RecommendedExposureIndex: 6,400
Scene Capture Type: Standard
SensitivityType: Recommended exposure index (REI)
Shutter Speed Value: 1/10
Sub-second Time: 35
Sub-second Time Digitized: 35
Sub-second Time Original: 35
White Balance: Manual white balance
AFInfo: 0.483, 0.698, 0.035, 0.034, n, 0.326, 0.589, 0.025, 0.05, n, 0.649, 0.589, 0.025, 0.05, n, 0.219, 0.475, 0.025, 0.05, n, 0.479, 0.468, 0.043, 0.065, s, 0.756, 0.475, 0.025, 0.05, n, 0.326, 0.361, 0.025, 0.05, n, 0.649, 0.361, 0.025, 0.05, n, 0.483, 0.268, 0.035, 0.034, n
Firmware: Firmware Version 1.0.0
Flash Compensation: 0
Focus Mode: One-shot AF
Image Stabilization: Panning
Lens ID: 39
Lens Info: 75, 300, 0, 0, 75, 300, 0, 0
Lens Model: Canon EF 75-300mm f/4-5.6


